[0.029s] Invoking command in '/home/gwk/ros2-dev/ws00_helloworld/build/pkg01_helloword_cpp': CMAKE_PREFIX_PATH=/opt/ros/humble /usr/bin/cmake /home/gwk/ros2-dev/ws00_helloworld/pkg01_helloword_cpp -DCMAKE_INSTALL_PREFIX=/home/gwk/ros2-dev/ws00_helloworld/install/pkg01_helloword_cpp
[0.350s] -- The C compiler identification is GNU 11.4.0
[0.559s] -- The CXX compiler identification is GNU 11.4.0
[0.584s] -- Detecting C compiler ABI info
[0.751s] -- Detecting C compiler ABI info - done
[0.755s] -- Check for working C compiler: /usr/bin/cc - skipped
[0.757s] -- Detecting C compile features
[0.760s] -- Detecting C compile features - done
[0.766s] -- Detecting CXX compiler ABI info
[0.939s] -- Detecting CXX compiler ABI info - done
[0.942s] -- Check for working CXX compiler: /usr/bin/c++ - skipped
[0.942s] -- Detecting CXX compile features
[0.942s] -- Detecting CXX compile features - done
[0.965s] -- Found ament_cmake: 1.3.14 (/opt/ros/humble/share/ament_cmake/cmake)
[1.180s] -- Found Python3: /usr/bin/python3 (found version "3.10.12") found components: Interpreter 
[1.349s] -- Found rclcpp: 16.0.19 (/opt/ros/humble/share/rclcpp/cmake)
[1.448s] -- Found rosidl_generator_c: 3.1.9 (/opt/ros/humble/share/rosidl_generator_c/cmake)
[1.464s] -- Found rosidl_adapter: 3.1.9 (/opt/ros/humble/share/rosidl_adapter/cmake)
[1.488s] -- Found rosidl_generator_cpp: 3.1.9 (/opt/ros/humble/share/rosidl_generator_cpp/cmake)
[1.521s] -- Using all available rosidl_typesupport_c: rosidl_typesupport_fastrtps_c;rosidl_typesupport_introspection_c
[1.559s] -- Using all available rosidl_typesupport_cpp: rosidl_typesupport_fastrtps_cpp;rosidl_typesupport_introspection_cpp
[1.663s] -- Found rmw_implementation_cmake: 6.1.2 (/opt/ros/humble/share/rmw_implementation_cmake/cmake)
[1.670s] -- Found rmw_fastrtps_cpp: 6.2.10 (/opt/ros/humble/share/rmw_fastrtps_cpp/cmake)
[1.863s] -- Found OpenSSL: /usr/lib/x86_64-linux-gnu/libcrypto.so (found version "3.0.2")  
[1.901s] -- Found FastRTPS: /opt/ros/humble/include  
[1.951s] -- Using RMW implementation 'rmw_fastrtps_cpp' as default
[1.975s] -- Looking for pthread.h
[2.148s] -- Looking for pthread.h - found
[2.151s] -- Performing Test CMAKE_HAVE_LIBC_PTHREAD
[2.313s] -- Performing Test CMAKE_HAVE_LIBC_PTHREAD - Success
[2.313s] -- Found Threads: TRUE  
[2.419s] -- Found ament_lint_auto: 0.12.15 (/opt/ros/humble/share/ament_lint_auto/cmake)
[2.554s] -- Added test 'cppcheck' to perform static code analysis on C / C++ code
[2.554s] -- Configured cppcheck include dirs: $<BUILD_INTERFACE:/home/gwk/ros2-dev/ws00_helloworld/pkg01_helloword_cpp/include>
[2.555s] -- Configured cppcheck exclude dirs and/or files: 
[2.557s] -- Added test 'lint_cmake' to check CMake code style
[2.561s] -- Added test 'uncrustify' to check C / C++ code style
[2.562s] -- Configured uncrustify additional arguments: 
[2.562s] -- Added test 'xmllint' to check XML markup files
[2.569s] -- Configuring done
[2.596s] -- Generating done
[2.601s] -- Build files have been written to: /home/gwk/ros2-dev/ws00_helloworld/build/pkg01_helloword_cpp
[2.618s] Invoked command in '/home/gwk/ros2-dev/ws00_helloworld/build/pkg01_helloword_cpp' returned '0': CMAKE_PREFIX_PATH=/opt/ros/humble /usr/bin/cmake /home/gwk/ros2-dev/ws00_helloworld/pkg01_helloword_cpp -DCMAKE_INSTALL_PREFIX=/home/gwk/ros2-dev/ws00_helloworld/install/pkg01_helloword_cpp
[2.621s] Invoking command in '/home/gwk/ros2-dev/ws00_helloworld/build/pkg01_helloword_cpp': CMAKE_PREFIX_PATH=/opt/ros/humble /usr/bin/cmake --build /home/gwk/ros2-dev/ws00_helloworld/build/pkg01_helloword_cpp -- -j8 -l8
[2.733s] [ 50%] [32mBuilding CXX object CMakeFiles/helloword.dir/src/helloword.cpp.o[0m
[2.862s] [100%] [32m[1mLinking CXX executable helloword[0m
[3.017s] [100%] Built target helloword
[3.040s] Invoked command in '/home/gwk/ros2-dev/ws00_helloworld/build/pkg01_helloword_cpp' returned '0': CMAKE_PREFIX_PATH=/opt/ros/humble /usr/bin/cmake --build /home/gwk/ros2-dev/ws00_helloworld/build/pkg01_helloword_cpp -- -j8 -l8
[3.062s] Invoking command in '/home/gwk/ros2-dev/ws00_helloworld/build/pkg01_helloword_cpp': CMAKE_PREFIX_PATH=/opt/ros/humble /usr/bin/cmake --install /home/gwk/ros2-dev/ws00_helloworld/build/pkg01_helloword_cpp
[3.078s] -- Install configuration: ""
[3.078s] -- Installing: /home/gwk/ros2-dev/ws00_helloworld/install/pkg01_helloword_cpp/lib/pkg01_helloword_cpp/helloword
[3.082s] -- Set runtime path of "/home/gwk/ros2-dev/ws00_helloworld/install/pkg01_helloword_cpp/lib/pkg01_helloword_cpp/helloword" to ""
[3.082s] -- Installing: /home/gwk/ros2-dev/ws00_helloworld/install/pkg01_helloword_cpp/share/ament_index/resource_index/package_run_dependencies/pkg01_helloword_cpp
[3.083s] -- Installing: /home/gwk/ros2-dev/ws00_helloworld/install/pkg01_helloword_cpp/share/ament_index/resource_index/parent_prefix_path/pkg01_helloword_cpp
[3.084s] -- Installing: /home/gwk/ros2-dev/ws00_helloworld/install/pkg01_helloword_cpp/share/pkg01_helloword_cpp/environment/ament_prefix_path.sh
[3.084s] -- Installing: /home/gwk/ros2-dev/ws00_helloworld/install/pkg01_helloword_cpp/share/pkg01_helloword_cpp/environment/ament_prefix_path.dsv
[3.085s] -- Installing: /home/gwk/ros2-dev/ws00_helloworld/install/pkg01_helloword_cpp/share/pkg01_helloword_cpp/environment/path.sh
[3.085s] -- Installing: /home/gwk/ros2-dev/ws00_helloworld/install/pkg01_helloword_cpp/share/pkg01_helloword_cpp/environment/path.dsv
[3.086s] -- Installing: /home/gwk/ros2-dev/ws00_helloworld/install/pkg01_helloword_cpp/share/pkg01_helloword_cpp/local_setup.bash
[3.086s] -- Installing: /home/gwk/ros2-dev/ws00_helloworld/install/pkg01_helloword_cpp/share/pkg01_helloword_cpp/local_setup.sh
[3.087s] -- Installing: /home/gwk/ros2-dev/ws00_helloworld/install/pkg01_helloword_cpp/share/pkg01_helloword_cpp/local_setup.zsh
[3.087s] -- Installing: /home/gwk/ros2-dev/ws00_helloworld/install/pkg01_helloword_cpp/share/pkg01_helloword_cpp/local_setup.dsv
[3.087s] -- Installing: /home/gwk/ros2-dev/ws00_helloworld/install/pkg01_helloword_cpp/share/pkg01_helloword_cpp/package.dsv
[3.088s] -- Installing: /home/gwk/ros2-dev/ws00_helloworld/install/pkg01_helloword_cpp/share/ament_index/resource_index/packages/pkg01_helloword_cpp
[3.089s] -- Installing: /home/gwk/ros2-dev/ws00_helloworld/install/pkg01_helloword_cpp/share/pkg01_helloword_cpp/cmake/pkg01_helloword_cppConfig.cmake
[3.089s] -- Installing: /home/gwk/ros2-dev/ws00_helloworld/install/pkg01_helloword_cpp/share/pkg01_helloword_cpp/cmake/pkg01_helloword_cppConfig-version.cmake
[3.090s] -- Installing: /home/gwk/ros2-dev/ws00_helloworld/install/pkg01_helloword_cpp/share/pkg01_helloword_cpp/package.xml
[3.093s] Invoked command in '/home/gwk/ros2-dev/ws00_helloworld/build/pkg01_helloword_cpp' returned '0': CMAKE_PREFIX_PATH=/opt/ros/humble /usr/bin/cmake --install /home/gwk/ros2-dev/ws00_helloworld/build/pkg01_helloword_cpp
